// Vitest Snapshot v1, https://vitest.dev/guide/snapshot.html

exports[`Adressbuch Dav > Adressbücher Dav Tests gegen { schema: 'GymAbiDav' } > Prüft das XML Format für Adressbücher gleich geblieben ist. 1`] = `"<?xml version="1.0" encoding="UTF-8" standalone="yes"?><d:multistatus xmlns:ical="http://apple.com/ns/ical" xmlns:cal="urn:ietf:params:xml:ns:caldav" xmlns:card="urn:ietf:params:xml:ns:carddav" xmlns:cs="http://calendarserver.org/ns/" xmlns:d="DAV:"><d:response><d:href>/dav/GymAbiDav/adressbuecher/schueler</d:href><d:propstat><d:prop><d:displayname>Schüler</d:displayname><d:resourcetype><d:collection/><card:addressbook/></d:resourcetype><card:supported-address-data><card:addressDataTypes content-type="text/vcard" version="4.0"/></card:supported-address-data></d:prop><d:status>HTTP/1.1 200 OK</d:status></d:propstat></d:response><d:response><d:href>/dav/GymAbiDav/adressbuecher/lehrer</d:href><d:propstat><d:prop><d:displayname>Lehrer</d:displayname><d:resourcetype><d:collection/><card:addressbook/></d:resourcetype><card:supported-address-data><card:addressDataTypes content-type="text/vcard" version="4.0"/></card:supported-address-data></d:prop><d:status>HTTP/1.1 200 OK</d:status></d:propstat></d:response><d:response><d:href>/dav/GymAbiDav/adressbuecher/erzieher</d:href><d:propstat><d:prop><d:displayname>Erzieher</d:displayname><d:resourcetype><d:collection/><card:addressbook/></d:resourcetype><card:supported-address-data><card:addressDataTypes content-type="text/vcard" version="4.0"/></card:supported-address-data></d:prop><d:status>HTTP/1.1 200 OK</d:status></d:propstat></d:response></d:multistatus>"`;

exports[`Adressbuch Dav > Adressbücher Dav Tests gegen { schema: 'GymAbiDav' } > Prüft das XML Format für Adressbücher gleich geblieben ist. 2`] = `"<?xml version="1.0" encoding="UTF-8" standalone="yes"?><d:multistatus xmlns:ical="http://apple.com/ns/ical" xmlns:cal="urn:ietf:params:xml:ns:caldav" xmlns:card="urn:ietf:params:xml:ns:carddav" xmlns:cs="http://calendarserver.org/ns/" xmlns:d="DAV:"><d:response><d:href>/dav/GymAbiDav/adressbuecher/schueler</d:href><d:propstat><d:prop><d:displayname>Schüler</d:displayname><d:resourcetype><d:collection/><card:addressbook/></d:resourcetype><card:supported-address-data><card:addressDataTypes content-type="text/vcard" version="4.0"/></card:supported-address-data></d:prop><d:status>HTTP/1.1 200 OK</d:status></d:propstat></d:response><d:response><d:href>/dav/GymAbiDav/adressbuecher/lehrer</d:href><d:propstat><d:prop><d:displayname>Lehrer</d:displayname><d:resourcetype><d:collection/><card:addressbook/></d:resourcetype><card:supported-address-data><card:addressDataTypes content-type="text/vcard" version="4.0"/></card:supported-address-data></d:prop><d:status>HTTP/1.1 200 OK</d:status></d:propstat></d:response><d:response><d:href>/dav/GymAbiDav/adressbuecher/erzieher</d:href><d:propstat><d:prop><d:displayname>Erzieher</d:displayname><d:resourcetype><d:collection/><card:addressbook/></d:resourcetype><card:supported-address-data><card:addressDataTypes content-type="text/vcard" version="4.0"/></card:supported-address-data></d:prop><d:status>HTTP/1.1 200 OK</d:status></d:propstat></d:response></d:multistatus>"`;

exports[`Adressbuch Dav > Adressbücher Dav Tests gegen { schema: 'GymAbiDav' } > Prüft das XML Format gleich geblieben ist. 1`] = `"<?xml version="1.0" encoding="UTF-8" standalone="yes"?><d:multistatus xmlns:ical="http://apple.com/ns/ical" xmlns:cal="urn:ietf:params:xml:ns:caldav" xmlns:card="urn:ietf:params:xml:ns:carddav" xmlns:cs="http://calendarserver.org/ns/" xmlns:d="DAV:"><d:response><d:href>/dav/GymAbiDav</d:href><d:propstat><d:prop><d:resourcetype><d:collection/><d:principal/></d:resourcetype><d:current-user-principal><d:href>/dav/GymAbiDav/benutzer/1</d:href></d:current-user-principal><d:current-user-privilege-set><d:privilege><d:read-current-user-privilege-set/></d:privilege><d:privilege><d:read/></d:privilege><d:privilege><d:read-acl/></d:privilege></d:current-user-privilege-set><cal:calendar-home-set><d:href>/dav/GymAbiDav/kalender</d:href></cal:calendar-home-set></d:prop><d:status>HTTP/1.1 200 OK</d:status></d:propstat><d:propstat><d:prop><d:owner/><d:displayname/><ical:calendar-color/></d:prop><d:status>HTTP/1.1 404 Not Found</d:status></d:propstat></d:response><d:response><d:href>/dav/GymAbiDav/adressbuecher</d:href><d:propstat><d:prop><d:resourcetype><d:collection/></d:resourcetype><d:current-user-principal><d:href>/dav/GymAbiDav/benutzer/1</d:href></d:current-user-principal><d:current-user-privilege-set><d:privilege><d:read-current-user-privilege-set/></d:privilege><d:privilege><d:read/></d:privilege><d:privilege><d:read-acl/></d:privilege></d:current-user-privilege-set></d:prop><d:status>HTTP/1.1 200 OK</d:status></d:propstat><d:propstat><d:prop><d:owner/><d:displayname/><cal:calendar-home-set/><ical:calendar-color/></d:prop><d:status>HTTP/1.1 404 Not Found</d:status></d:propstat></d:response><d:response><d:href>/dav/GymAbiDav/kalender</d:href><d:propstat><d:prop><d:resourcetype><d:collection/></d:resourcetype><d:current-user-principal><d:href>/dav/GymAbiDav/benutzer/1</d:href></d:current-user-principal><d:current-user-privilege-set><d:privilege><d:read-current-user-privilege-set/></d:privilege><d:privilege><d:read/></d:privilege><d:privilege><d:read-acl/></d:privilege></d:current-user-privilege-set><cal:calendar-home-set><d:href>/dav/GymAbiDav/kalender</d:href></cal:calendar-home-set></d:prop><d:status>HTTP/1.1 200 OK</d:status></d:propstat><d:propstat><d:prop><d:owner/><d:displayname/><ical:calendar-color/></d:prop><d:status>HTTP/1.1 404 Not Found</d:status></d:propstat></d:response></d:multistatus>"`;

exports[`Adressbuch Dav > Adressbücher Dav Tests gegen { schema: 'GymAbiDav' } > Testet Report-Anfrage auf notwendige Informationen. 1`] = `"<?xml version="1.0" encoding="UTF-8" standalone="yes"?><d:multistatus xmlns:ical="http://apple.com/ns/ical" xmlns:cal="urn:ietf:params:xml:ns:caldav" xmlns:card="urn:ietf:params:xml:ns:carddav" xmlns:cs="http://calendarserver.org/ns/" xmlns:d="DAV:"/>"`;

exports[`Adressbuch Dav > Kalender Dav > Kalender Dav Tests gegen { schema: 'GymAbiDav' } > Ruft ein Propfind auf den Gemeinsamen Kalender auf. 1`] = `"<?xml version="1.0" encoding="UTF-8" standalone="yes"?><d:multistatus xmlns:ical="http://apple.com/ns/ical" xmlns:cal="urn:ietf:params:xml:ns:caldav" xmlns:card="urn:ietf:params:xml:ns:carddav" xmlns:cs="http://calendarserver.org/ns/" xmlns:d="DAV:"><d:response><d:href>/dav/GymAbiDav/kalender/1</d:href><d:propstat><d:prop><d:owner><d:href>/dav/GymAbiDav/benutzer/5</d:href></d:owner><d:resourcetype><d:collection/><cal:calendar/></d:resourcetype><d:supported-report-set><d:supported-report><d:report><cal:calendar-multiget/></d:report></d:supported-report><d:supported-report><d:report><cal:calendar-query/></d:report></d:supported-report><d:supported-report><d:report><d:sync-collection/></d:report></d:supported-report></d:supported-report-set><d:current-user-principal><d:href>/dav/GymAbiDav/benutzer/5</d:href></d:current-user-principal><d:current-user-privilege-set><d:privilege><d:read-current-user-privilege-set/></d:privilege><d:privilege><d:read/></d:privilege><d:privilege><d:read-acl/></d:privilege><d:privilege><d:all/></d:privilege><d:privilege><d:write/></d:privilege></d:current-user-privilege-set><cs:getctag>1737973043000</cs:getctag><cal:supported-calendar-component-set><cal:calendarComponents name="VEVENT"/></cal:supported-calendar-component-set></d:prop><d:status>HTTP/1.1 200 OK</d:status></d:propstat></d:response></d:multistatus>"`;

exports[`Adressbuch Dav > Kalender Dav > Kalender Dav Tests gegen { schema: 'GymAbiDav' } > Testet Property-Suche auf die Liste von  mit Account Ande 1`] = `"<?xml version="1.0" encoding="UTF-8" standalone="yes"?><d:multistatus xmlns:ical="http://apple.com/ns/ical" xmlns:cal="urn:ietf:params:xml:ns:caldav" xmlns:card="urn:ietf:params:xml:ns:carddav" xmlns:cs="http://calendarserver.org/ns/" xmlns:d="DAV:"><d:response><d:href>/dav/GymAbiDav/kalender</d:href><d:propstat><d:prop><d:resourcetype><d:collection/></d:resourcetype><d:current-user-privilege-set><d:privilege><d:read-current-user-privilege-set/></d:privilege><d:privilege><d:read/></d:privilege><d:privilege><d:read-acl/></d:privilege></d:current-user-privilege-set></d:prop><d:status>HTTP/1.1 200 OK</d:status></d:propstat><d:propstat><d:prop><d:displayname/><ical:calendar-color/></d:prop><d:status>HTTP/1.1 404 Not Found</d:status></d:propstat></d:response><d:response><d:href>/dav/GymAbiDav/kalender/1</d:href><d:propstat><d:prop><d:displayname>Gemeinsamer Kalender</d:displayname><d:resourcetype><d:collection/><cal:calendar/></d:resourcetype><d:current-user-privilege-set><d:privilege><d:read-current-user-privilege-set/></d:privilege><d:privilege><d:read/></d:privilege><d:privilege><d:read-acl/></d:privilege><d:privilege><d:all/></d:privilege><d:privilege><d:write/></d:privilege></d:current-user-privilege-set></d:prop><d:status>HTTP/1.1 200 OK</d:status></d:propstat><d:propstat><d:prop><ical:calendar-color/></d:prop><d:status>HTTP/1.1 404 Not Found</d:status></d:propstat></d:response><d:response><d:href>/dav/GymAbiDav/kalender/3</d:href><d:propstat><d:prop><d:displayname>Eigener Kalender</d:displayname><d:resourcetype><d:collection/><cal:calendar/></d:resourcetype><d:current-user-privilege-set><d:privilege><d:read-current-user-privilege-set/></d:privilege><d:privilege><d:read/></d:privilege><d:privilege><d:read-acl/></d:privilege><d:privilege><d:all/></d:privilege><d:privilege><d:write/></d:privilege></d:current-user-privilege-set></d:prop><d:status>HTTP/1.1 200 OK</d:status></d:propstat><d:propstat><d:prop><ical:calendar-color/></d:prop><d:status>HTTP/1.1 404 Not Found</d:status></d:propstat></d:response></d:multistatus>"`;

exports[`Adressbuch Dav > Kalender Dav > Kalender Dav Tests gegen { schema: 'GymAbiDav' } > Testet Property-Suche auf die Liste von Kalendern mit Account Bagi 1`] = `"<?xml version="1.0" encoding="UTF-8" standalone="yes"?><d:multistatus xmlns:ical="http://apple.com/ns/ical" xmlns:cal="urn:ietf:params:xml:ns:caldav" xmlns:card="urn:ietf:params:xml:ns:carddav" xmlns:cs="http://calendarserver.org/ns/" xmlns:d="DAV:"><d:response><d:href>/dav/GymAbiDav/kalender</d:href><d:propstat><d:prop><d:resourcetype><d:collection/></d:resourcetype><d:current-user-privilege-set><d:privilege><d:read-current-user-privilege-set/></d:privilege><d:privilege><d:read/></d:privilege><d:privilege><d:read-acl/></d:privilege></d:current-user-privilege-set></d:prop><d:status>HTTP/1.1 200 OK</d:status></d:propstat><d:propstat><d:prop><d:displayname/><ical:calendar-color/></d:prop><d:status>HTTP/1.1 404 Not Found</d:status></d:propstat></d:response><d:response><d:href>/dav/GymAbiDav/kalender/1</d:href><d:propstat><d:prop><d:displayname>Gemeinsamer Kalender</d:displayname><d:resourcetype><d:collection/><cal:calendar/></d:resourcetype><d:current-user-privilege-set><d:privilege><d:read-current-user-privilege-set/></d:privilege><d:privilege><d:read/></d:privilege><d:privilege><d:read-acl/></d:privilege></d:current-user-privilege-set></d:prop><d:status>HTTP/1.1 200 OK</d:status></d:propstat><d:propstat><d:prop><ical:calendar-color/></d:prop><d:status>HTTP/1.1 404 Not Found</d:status></d:propstat></d:response><d:response><d:href>/dav/GymAbiDav/kalender/4</d:href><d:propstat><d:prop><d:displayname>Eigener Kalender</d:displayname><d:resourcetype><d:collection/><cal:calendar/></d:resourcetype><d:current-user-privilege-set><d:privilege><d:read-current-user-privilege-set/></d:privilege><d:privilege><d:read/></d:privilege><d:privilege><d:read-acl/></d:privilege><d:privilege><d:all/></d:privilege><d:privilege><d:write/></d:privilege></d:current-user-privilege-set></d:prop><d:status>HTTP/1.1 200 OK</d:status></d:propstat><d:propstat><d:prop><ical:calendar-color/></d:prop><d:status>HTTP/1.1 404 Not Found</d:status></d:propstat></d:response></d:multistatus>"`;
