// Vitest Snapshot v1, https://vitest.dev/guide/snapshot.html

exports[`Feacher Tests > gegen { schema: 'GymAbi01' } > getFach 1`] = `
FaecherListeEintrag {
  "aufZeugnis": true,
  "aufgabenfeld": "1",
  "bezeichnung": "Deutsch",
  "bezeichnungUeberweisungszeugnis": "Deutsch",
  "bezeichnungZeugnis": "Deutsch",
  "bilingualeSprache": "D",
  "holeAusAltenLernabschnitten": true,
  "id": 16,
  "istFHRFach": true,
  "istFremdsprache": false,
  "istMoeglichAlsNeueFremdspracheInSekII": false,
  "istNachpruefungErlaubt": true,
  "istOberstufenFach": true,
  "istPruefungsordnungsRelevant": true,
  "istSchriftlichBA": false,
  "istSchriftlichZK": true,
  "istSichtbar": true,
  "kuerzel": "D",
  "kuerzelStatistik": "D",
  "maxZeichenInFachbemerkungen": 2147483647,
  "sortierung": 10,
}
`;

exports[`Feacher Tests > gegen { schema: 'GymAbi01' } > getFaecher 1`] = `
ArrayList {
  "addFirst": [Function],
  "addLast": [Function],
  "elementData": [
    FaecherListeEintrag {
      "aufZeugnis": true,
      "aufgabenfeld": "3",
      "bezeichnung": "Biologie",
      "bezeichnungUeberweisungszeugnis": "Biologie",
      "bezeichnungZeugnis": "Biologie",
      "bilingualeSprache": "D",
      "holeAusAltenLernabschnitten": true,
      "id": 192,
      "istFHRFach": false,
      "istNachpruefungErlaubt": true,
      "istOberstufenFach": true,
      "istPruefungsordnungsRelevant": true,
      "istSchriftlichBA": false,
      "istSchriftlichZK": false,
      "istSichtbar": true,
      "kuerzel": "BI",
      "kuerzelStatistik": "BI",
      "maxZeichenInFachbemerkungen": 2147483647,
      "referenziertInAnderenTabellen": true,
      "sortierung": 200,
    },
    FaecherListeEintrag {
      "aufZeugnis": true,
      "aufgabenfeld": "3",
      "bezeichnung": "Biologie bilingual",
      "bezeichnungUeberweisungszeugnis": "Biologie",
      "bezeichnungZeugnis": "Biologie in Englisch",
      "bilingualeSprache": "E",
      "holeAusAltenLernabschnitten": true,
      "id": 224,
      "istFHRFach": false,
      "istNachpruefungErlaubt": true,
      "istOberstufenFach": true,
      "istPruefungsordnungsRelevant": true,
      "istSchriftlichBA": false,
      "istSchriftlichZK": false,
      "istSichtbar": true,
      "kuerzel": "BIEBI",
      "kuerzelStatistik": "BI",
      "maxZeichenInFachbemerkungen": 2147483647,
      "referenziertInAnderenTabellen": true,
      "sortierung": 201,
    },
    FaecherListeEintrag {
      "aufZeugnis": true,
      "aufgabenfeld": "3",
      "bezeichnung": "Chemie",
      "bezeichnungUeberweisungszeugnis": "Chemie",
      "bezeichnungZeugnis": "Chemie",
      "bilingualeSprache": "D",
      "holeAusAltenLernabschnitten": true,
      "id": 8,
      "istFHRFach": false,
      "istNachpruefungErlaubt": true,
      "istOberstufenFach": true,
      "istPruefungsordnungsRelevant": true,
      "istSchriftlichBA": false,
      "istSchriftlichZK": false,
      "istSichtbar": true,
      "kuerzel": "CH",
      "kuerzelStatistik": "CH",
      "maxZeichenInFachbemerkungen": 2147483647,
      "referenziertInAnderenTabellen": true,
      "sortierung": 210,
    },
    FaecherListeEintrag {
      "aufZeugnis": true,
      "aufgabenfeld": "1",
      "bezeichnung": "Deutsch",
      "bezeichnungUeberweisungszeugnis": "Deutsch",
      "bezeichnungZeugnis": "Deutsch",
      "bilingualeSprache": "D",
      "holeAusAltenLernabschnitten": true,
      "id": 16,
      "istFHRFach": false,
      "istNachpruefungErlaubt": true,
      "istOberstufenFach": true,
      "istPruefungsordnungsRelevant": true,
      "istSchriftlichBA": false,
      "istSchriftlichZK": true,
      "istSichtbar": true,
      "kuerzel": "D",
      "kuerzelStatistik": "D",
      "maxZeichenInFachbemerkungen": 2147483647,
      "referenziertInAnderenTabellen": true,
      "sortierung": 10,
    },
    FaecherListeEintrag {
      "aufZeugnis": true,
      "aufgabenfeld": "1",
      "bezeichnung": "Englisch",
      "bezeichnungUeberweisungszeugnis": "Englisch ab Kl. 5",
      "bezeichnungZeugnis": "Englisch",
      "bilingualeSprache": "D",
      "holeAusAltenLernabschnitten": true,
      "id": 17,
      "istFHRFach": false,
      "istNachpruefungErlaubt": true,
      "istOberstufenFach": true,
      "istPruefungsordnungsRelevant": true,
      "istSchriftlichBA": false,
      "istSchriftlichZK": false,
      "istSichtbar": true,
      "kuerzel": "E",
      "kuerzelStatistik": "E",
      "maxZeichenInFachbemerkungen": 2147483647,
      "referenziertInAnderenTabellen": true,
      "sortierung": 50,
    },
    FaecherListeEintrag {
      "aufZeugnis": true,
      "aufgabenfeld": "2",
      "bezeichnung": "Erdkunde",
      "bezeichnungUeberweisungszeugnis": "Erdkunde",
      "bezeichnungZeugnis": "Erdkunde",
      "bilingualeSprache": "D",
      "holeAusAltenLernabschnitten": true,
      "id": 24,
      "istFHRFach": false,
      "istNachpruefungErlaubt": true,
      "istOberstufenFach": true,
      "istPruefungsordnungsRelevant": true,
      "istSchriftlichBA": false,
      "istSchriftlichZK": false,
      "istSichtbar": true,
      "kuerzel": "EK",
      "kuerzelStatistik": "EK",
      "maxZeichenInFachbemerkungen": 2147483647,
      "referenziertInAnderenTabellen": true,
      "sortierung": 120,
    },
    FaecherListeEintrag {
      "aufZeugnis": true,
      "aufgabenfeld": "2",
      "bezeichnung": "Erdkunde bilingual",
      "bezeichnungUeberweisungszeugnis": "Erdkunde",
      "bezeichnungZeugnis": "Erdkunde in Englisch",
      "bilingualeSprache": "E",
      "holeAusAltenLernabschnitten": true,
      "id": 228,
      "istFHRFach": false,
      "istNachpruefungErlaubt": true,
      "istOberstufenFach": false,
      "istPruefungsordnungsRelevant": true,
      "istSchriftlichBA": false,
      "istSchriftlichZK": false,
      "istSichtbar": true,
      "kuerzel": "EKEBI",
      "kuerzelStatistik": "EK",
      "maxZeichenInFachbemerkungen": 2147483647,
      "referenziertInAnderenTabellen": true,
      "sortierung": 121,
    },
    FaecherListeEintrag {
      "aufZeugnis": true,
      "aufgabenfeld": "2",
      "bezeichnung": "Ev. Religionslehre",
      "bezeichnungUeberweisungszeugnis": "Ev. Religionslehre",
      "bezeichnungZeugnis": "Ev. Religionslehre",
      "bilingualeSprache": "D",
      "holeAusAltenLernabschnitten": true,
      "id": 27,
      "istFHRFach": false,
      "istNachpruefungErlaubt": true,
      "istOberstufenFach": true,
      "istPruefungsordnungsRelevant": true,
      "istSchriftlichBA": false,
      "istSchriftlichZK": false,
      "istSichtbar": true,
      "kuerzel": "ER",
      "kuerzelStatistik": "ER",
      "maxZeichenInFachbemerkungen": 2147483647,
      "referenziertInAnderenTabellen": true,
      "sortierung": 185,
    },
    FaecherListeEintrag {
      "aufZeugnis": true,
      "aufgabenfeld": "1",
      "bezeichnung": "Französisch ab Klasse 6",
      "bezeichnungUeberweisungszeugnis": "Französisch",
      "bezeichnungZeugnis": "Französisch",
      "bilingualeSprache": "D",
      "holeAusAltenLernabschnitten": true,
      "id": 30,
      "istFHRFach": false,
      "istNachpruefungErlaubt": true,
      "istOberstufenFach": true,
      "istPruefungsordnungsRelevant": true,
      "istSchriftlichBA": false,
      "istSchriftlichZK": false,
      "istSichtbar": true,
      "kuerzel": "F",
      "kuerzelStatistik": "F6",
      "maxZeichenInFachbemerkungen": 2147483647,
      "referenziertInAnderenTabellen": true,
      "sortierung": 30,
    },
    FaecherListeEintrag {
      "aufZeugnis": true,
      "aufgabenfeld": "2",
      "bezeichnung": "Geschichte",
      "bezeichnungUeberweisungszeugnis": "Geschichte",
      "bezeichnungZeugnis": "Geschichte",
      "bilingualeSprache": "D",
      "holeAusAltenLernabschnitten": true,
      "id": 37,
      "istFHRFach": false,
      "istNachpruefungErlaubt": true,
      "istOberstufenFach": true,
      "istPruefungsordnungsRelevant": true,
      "istSchriftlichBA": false,
      "istSchriftlichZK": false,
      "istSichtbar": true,
      "kuerzel": "GE",
      "kuerzelStatistik": "GE",
      "maxZeichenInFachbemerkungen": 2147483647,
      "referenziertInAnderenTabellen": true,
      "sortierung": 130,
    },
    FaecherListeEintrag {
      "aufZeugnis": true,
      "aufgabenfeld": "2",
      "bezeichnung": "Geschichte bilingual",
      "bezeichnungUeberweisungszeugnis": "Geschichte",
      "bezeichnungZeugnis": "Geschichte in Englisch",
      "bilingualeSprache": "E",
      "holeAusAltenLernabschnitten": true,
      "id": 225,
      "istFHRFach": false,
      "istNachpruefungErlaubt": true,
      "istOberstufenFach": true,
      "istPruefungsordnungsRelevant": true,
      "istSchriftlichBA": false,
      "istSchriftlichZK": false,
      "istSichtbar": true,
      "kuerzel": "GEEBI",
      "kuerzelStatistik": "GE",
      "maxZeichenInFachbemerkungen": 2147483647,
      "referenziertInAnderenTabellen": true,
      "sortierung": 131,
    },
    FaecherListeEintrag {
      "aufZeugnis": true,
      "aufgabenfeld": "3",
      "bezeichnung": "Informatik",
      "bezeichnungUeberweisungszeugnis": "Informatik",
      "bezeichnungZeugnis": "Informatik",
      "bilingualeSprache": "D",
      "holeAusAltenLernabschnitten": true,
      "id": 193,
      "istFHRFach": false,
      "istNachpruefungErlaubt": true,
      "istOberstufenFach": true,
      "istPruefungsordnungsRelevant": true,
      "istSchriftlichBA": false,
      "istSchriftlichZK": false,
      "istSichtbar": true,
      "kuerzel": "IF",
      "kuerzelStatistik": "IF",
      "maxZeichenInFachbemerkungen": 2147483647,
      "referenziertInAnderenTabellen": true,
      "sortierung": 230,
    },
    FaecherListeEintrag {
      "aufZeugnis": true,
      "aufgabenfeld": "1",
      "bezeichnung": "Instrumentalpraktischer Grundkurs",
      "bezeichnungUeberweisungszeugnis": "Instrumentalpraktischer Grundkurs",
      "bezeichnungZeugnis": "Instrumentalpraktischer Grundkurs",
      "bilingualeSprache": "D",
      "holeAusAltenLernabschnitten": true,
      "id": 55,
      "istFHRFach": false,
      "istNachpruefungErlaubt": true,
      "istOberstufenFach": true,
      "istPruefungsordnungsRelevant": true,
      "istSchriftlichBA": false,
      "istSchriftlichZK": false,
      "istSichtbar": true,
      "kuerzel": "IP",
      "kuerzelStatistik": "IN",
      "maxZeichenInFachbemerkungen": 2147483647,
      "referenziertInAnderenTabellen": true,
      "sortierung": 101,
    },
    FaecherListeEintrag {
      "aufZeugnis": true,
      "aufgabenfeld": "2",
      "bezeichnung": "Kath. Religionslehre",
      "bezeichnungUeberweisungszeugnis": "Kath. Religionslehre",
      "bezeichnungZeugnis": "Kath. Religionslehre",
      "bilingualeSprache": "D",
      "holeAusAltenLernabschnitten": true,
      "id": 70,
      "istFHRFach": false,
      "istNachpruefungErlaubt": true,
      "istOberstufenFach": true,
      "istPruefungsordnungsRelevant": true,
      "istSchriftlichBA": false,
      "istSchriftlichZK": false,
      "istSichtbar": true,
      "kuerzel": "KR",
      "kuerzelStatistik": "KR",
      "maxZeichenInFachbemerkungen": 2147483647,
      "referenziertInAnderenTabellen": true,
      "sortierung": 186,
    },
    FaecherListeEintrag {
      "aufZeugnis": true,
      "aufgabenfeld": "1",
      "bezeichnung": "Kunsterziehung",
      "bezeichnungUeberweisungszeugnis": "Kunsterziehung",
      "bezeichnungZeugnis": "Kunsterziehung",
      "bilingualeSprache": "D",
      "holeAusAltenLernabschnitten": true,
      "id": 71,
      "istFHRFach": false,
      "istNachpruefungErlaubt": true,
      "istOberstufenFach": true,
      "istPruefungsordnungsRelevant": true,
      "istSchriftlichBA": false,
      "istSchriftlichZK": false,
      "istSichtbar": true,
      "kuerzel": "KU",
      "kuerzelStatistik": "KU",
      "maxZeichenInFachbemerkungen": 2147483647,
      "referenziertInAnderenTabellen": true,
      "sortierung": 70,
    },
    FaecherListeEintrag {
      "aufZeugnis": true,
      "aufgabenfeld": "1",
      "bezeichnung": "Lateinisch ab Klasse 6",
      "bezeichnungUeberweisungszeugnis": "Lateinisch",
      "bezeichnungZeugnis": "Lateinisch",
      "bilingualeSprache": "D",
      "holeAusAltenLernabschnitten": true,
      "id": 72,
      "istFHRFach": false,
      "istNachpruefungErlaubt": true,
      "istOberstufenFach": true,
      "istPruefungsordnungsRelevant": true,
      "istSchriftlichBA": false,
      "istSchriftlichZK": false,
      "istSichtbar": true,
      "kuerzel": "L",
      "kuerzelStatistik": "L6",
      "maxZeichenInFachbemerkungen": 2147483647,
      "referenziertInAnderenTabellen": true,
      "sortierung": 60,
    },
    FaecherListeEintrag {
      "aufZeugnis": true,
      "aufgabenfeld": "1",
      "bezeichnung": "Literatur",
      "bezeichnungUeberweisungszeugnis": "Literatur",
      "bezeichnungZeugnis": "Literatur",
      "bilingualeSprache": "D",
      "holeAusAltenLernabschnitten": true,
      "id": 244,
      "istFHRFach": false,
      "istNachpruefungErlaubt": false,
      "istOberstufenFach": true,
      "istPruefungsordnungsRelevant": true,
      "istSchriftlichBA": false,
      "istSchriftlichZK": false,
      "istSichtbar": true,
      "kuerzel": "LI",
      "kuerzelStatistik": "LI",
      "maxZeichenInFachbemerkungen": 2147483647,
      "referenziertInAnderenTabellen": true,
      "sortierung": 111,
    },
    FaecherListeEintrag {
      "aufZeugnis": true,
      "aufgabenfeld": "3",
      "bezeichnung": "Mathematik",
      "bezeichnungUeberweisungszeugnis": "Mathematik",
      "bezeichnungZeugnis": "Mathematik",
      "bilingualeSprache": "D",
      "holeAusAltenLernabschnitten": true,
      "id": 79,
      "istFHRFach": false,
      "istNachpruefungErlaubt": true,
      "istOberstufenFach": true,
      "istPruefungsordnungsRelevant": true,
      "istSchriftlichBA": false,
      "istSchriftlichZK": true,
      "istSichtbar": true,
      "kuerzel": "M",
      "kuerzelStatistik": "M",
      "maxZeichenInFachbemerkungen": 2147483647,
      "referenziertInAnderenTabellen": true,
      "sortierung": 190,
    },
    FaecherListeEintrag {
      "aufZeugnis": true,
      "aufgabenfeld": "1",
      "bezeichnung": "Musik",
      "bezeichnungUeberweisungszeugnis": "Musik",
      "bezeichnungZeugnis": "Musik",
      "bilingualeSprache": "D",
      "holeAusAltenLernabschnitten": true,
      "id": 81,
      "istFHRFach": false,
      "istNachpruefungErlaubt": true,
      "istOberstufenFach": true,
      "istPruefungsordnungsRelevant": true,
      "istSchriftlichBA": false,
      "istSchriftlichZK": false,
      "istSichtbar": true,
      "kuerzel": "MU",
      "kuerzelStatistik": "MU",
      "maxZeichenInFachbemerkungen": 2147483647,
      "referenziertInAnderenTabellen": true,
      "sortierung": 80,
    },
    FaecherListeEintrag {
      "aufZeugnis": true,
      "aufgabenfeld": "3",
      "bezeichnung": "Naturwissenschaften",
      "bezeichnungUeberweisungszeugnis": "Naturwissenschaften",
      "bezeichnungZeugnis": "Naturwissenschaften",
      "bilingualeSprache": "D",
      "holeAusAltenLernabschnitten": true,
      "id": 191,
      "istFHRFach": false,
      "istNachpruefungErlaubt": true,
      "istOberstufenFach": false,
      "istPruefungsordnungsRelevant": true,
      "istSchriftlichBA": false,
      "istSchriftlichZK": false,
      "istSichtbar": true,
      "kuerzel": "NW",
      "kuerzelStatistik": "BI",
      "maxZeichenInFachbemerkungen": 2147483647,
      "referenziertInAnderenTabellen": true,
      "sortierung": 195,
    },
    FaecherListeEintrag {
      "aufZeugnis": true,
      "aufgabenfeld": "2",
      "bezeichnung": "Erziehungswissenschaft",
      "bezeichnungUeberweisungszeugnis": "Erziehungswissenschaft",
      "bezeichnungZeugnis": "Erziehungswissenschaft",
      "bilingualeSprache": "D",
      "holeAusAltenLernabschnitten": true,
      "id": 26,
      "istFHRFach": false,
      "istNachpruefungErlaubt": true,
      "istOberstufenFach": true,
      "istPruefungsordnungsRelevant": true,
      "istSchriftlichBA": false,
      "istSchriftlichZK": false,
      "istSichtbar": true,
      "kuerzel": "PA",
      "kuerzelStatistik": "PA",
      "maxZeichenInFachbemerkungen": 2147483647,
      "referenziertInAnderenTabellen": true,
      "sortierung": 180,
    },
    FaecherListeEintrag {
      "aufZeugnis": true,
      "aufgabenfeld": "3",
      "bezeichnung": "Physik",
      "bezeichnungUeberweisungszeugnis": "Physik",
      "bezeichnungZeugnis": "Physik",
      "bilingualeSprache": "D",
      "holeAusAltenLernabschnitten": true,
      "id": 128,
      "istFHRFach": false,
      "istNachpruefungErlaubt": true,
      "istOberstufenFach": true,
      "istPruefungsordnungsRelevant": true,
      "istSchriftlichBA": false,
      "istSchriftlichZK": false,
      "istSichtbar": true,
      "kuerzel": "PH",
      "kuerzelStatistik": "PH",
      "maxZeichenInFachbemerkungen": 2147483647,
      "referenziertInAnderenTabellen": true,
      "sortierung": 220,
    },
    FaecherListeEintrag {
      "aufZeugnis": true,
      "aufgabenfeld": "2",
      "bezeichnung": "Politik",
      "bezeichnungUeberweisungszeugnis": "Politik",
      "bezeichnungZeugnis": "Politik",
      "bilingualeSprache": "D",
      "holeAusAltenLernabschnitten": true,
      "id": 129,
      "istFHRFach": false,
      "istNachpruefungErlaubt": true,
      "istOberstufenFach": false,
      "istPruefungsordnungsRelevant": true,
      "istSchriftlichBA": false,
      "istSchriftlichZK": false,
      "istSichtbar": true,
      "kuerzel": "PK",
      "kuerzelStatistik": "PK",
      "maxZeichenInFachbemerkungen": 2147483647,
      "referenziertInAnderenTabellen": true,
      "sortierung": 160,
    },
    FaecherListeEintrag {
      "aufZeugnis": true,
      "aufgabenfeld": "2",
      "bezeichnung": "Projektkurs Biologie",
      "bezeichnungUeberweisungszeugnis": "Projektkurs",
      "bezeichnungZeugnis": "Projektkurs",
      "bilingualeSprache": "D",
      "holeAusAltenLernabschnitten": true,
      "id": 234,
      "istFHRFach": false,
      "istNachpruefungErlaubt": true,
      "istOberstufenFach": true,
      "istPruefungsordnungsRelevant": true,
      "istSchriftlichBA": false,
      "istSchriftlichZK": false,
      "istSichtbar": true,
      "kuerzel": "PK-BI",
      "kuerzelStatistik": "PX",
      "maxZeichenInFachbemerkungen": 2147483647,
      "referenziertInAnderenTabellen": true,
      "sortierung": 2005,
    },
    FaecherListeEintrag {
      "aufZeugnis": true,
      "aufgabenfeld": "1",
      "bezeichnung": "Projektkurs Englisch",
      "bezeichnungUeberweisungszeugnis": "Projektkurs",
      "bezeichnungZeugnis": "Projektkurs",
      "bilingualeSprache": "D",
      "holeAusAltenLernabschnitten": true,
      "id": 233,
      "istFHRFach": false,
      "istNachpruefungErlaubt": true,
      "istOberstufenFach": true,
      "istPruefungsordnungsRelevant": true,
      "istSchriftlichBA": false,
      "istSchriftlichZK": false,
      "istSichtbar": true,
      "kuerzel": "PK-E",
      "kuerzelStatistik": "PX",
      "maxZeichenInFachbemerkungen": 2147483647,
      "referenziertInAnderenTabellen": true,
      "sortierung": 2001,
    },
    FaecherListeEintrag {
      "aufZeugnis": true,
      "aufgabenfeld": "3",
      "bezeichnung": "Projektkurs Informatik",
      "bezeichnungUeberweisungszeugnis": "Projektkurs",
      "bezeichnungZeugnis": "Projektkurs",
      "bilingualeSprache": "D",
      "holeAusAltenLernabschnitten": true,
      "id": 235,
      "istFHRFach": false,
      "istNachpruefungErlaubt": true,
      "istOberstufenFach": true,
      "istPruefungsordnungsRelevant": true,
      "istSchriftlichBA": false,
      "istSchriftlichZK": false,
      "istSichtbar": true,
      "kuerzel": "PK-IF",
      "kuerzelStatistik": "PX",
      "maxZeichenInFachbemerkungen": 2147483647,
      "referenziertInAnderenTabellen": true,
      "sortierung": 2009,
    },
    FaecherListeEintrag {
      "aufZeugnis": true,
      "aufgabenfeld": "3",
      "bezeichnung": "Projektkurs",
      "bezeichnungUeberweisungszeugnis": "Projektkurs Mathematik-Physik-Informatik",
      "bezeichnungZeugnis": "Projektkurs Mathematik-Physik-Informatik",
      "bilingualeSprache": "D",
      "holeAusAltenLernabschnitten": true,
      "id": 240,
      "istFHRFach": false,
      "istNachpruefungErlaubt": true,
      "istOberstufenFach": true,
      "istPruefungsordnungsRelevant": true,
      "istSchriftlichBA": false,
      "istSchriftlichZK": false,
      "istSichtbar": true,
      "kuerzel": "PK-MPI",
      "kuerzelStatistik": "PX",
      "maxZeichenInFachbemerkungen": 2147483647,
      "referenziertInAnderenTabellen": true,
      "sortierung": 2010,
    },
    FaecherListeEintrag {
      "aufZeugnis": true,
      "aufgabenfeld": null,
      "bezeichnung": "Projektkurs Sport",
      "bezeichnungUeberweisungszeugnis": "Projektkurs",
      "bezeichnungZeugnis": "Projektkurs",
      "bilingualeSprache": "D",
      "holeAusAltenLernabschnitten": true,
      "id": 237,
      "istFHRFach": false,
      "istNachpruefungErlaubt": false,
      "istOberstufenFach": true,
      "istPruefungsordnungsRelevant": true,
      "istSchriftlichBA": false,
      "istSchriftlichZK": false,
      "istSichtbar": true,
      "kuerzel": "PK-Sp",
      "kuerzelStatistik": "PX",
      "maxZeichenInFachbemerkungen": 2147483647,
      "referenziertInAnderenTabellen": true,
      "sortierung": 2030,
    },
    FaecherListeEintrag {
      "aufZeugnis": true,
      "aufgabenfeld": null,
      "bezeichnung": "Projektkurs Tanz",
      "bezeichnungUeberweisungszeugnis": "Projektkurs",
      "bezeichnungZeugnis": "Projektkurs",
      "bilingualeSprache": "D",
      "holeAusAltenLernabschnitten": true,
      "id": 236,
      "istFHRFach": false,
      "istNachpruefungErlaubt": false,
      "istOberstufenFach": true,
      "istPruefungsordnungsRelevant": true,
      "istSchriftlichBA": false,
      "istSchriftlichZK": false,
      "istSichtbar": true,
      "kuerzel": "PK-Tanz",
      "kuerzelStatistik": "PX",
      "maxZeichenInFachbemerkungen": 2147483647,
      "referenziertInAnderenTabellen": true,
      "sortierung": 2020,
    },
    FaecherListeEintrag {
      "aufZeugnis": true,
      "aufgabenfeld": "2",
      "bezeichnung": "Philosophie",
      "bezeichnungUeberweisungszeugnis": "Philosophie",
      "bezeichnungZeugnis": "Philosophie",
      "bilingualeSprache": "D",
      "holeAusAltenLernabschnitten": true,
      "id": 127,
      "istFHRFach": false,
      "istNachpruefungErlaubt": true,
      "istOberstufenFach": true,
      "istPruefungsordnungsRelevant": true,
      "istSchriftlichBA": false,
      "istSchriftlichZK": false,
      "istSichtbar": true,
      "kuerzel": "PL",
      "kuerzelStatistik": "PL",
      "maxZeichenInFachbemerkungen": 2147483647,
      "referenziertInAnderenTabellen": true,
      "sortierung": 170,
    },
    FaecherListeEintrag {
      "aufZeugnis": true,
      "aufgabenfeld": "2",
      "bezeichnung": "Praktische Philosophie",
      "bezeichnungUeberweisungszeugnis": "Praktische Philosophie",
      "bezeichnungZeugnis": "Praktische Philosophie",
      "bilingualeSprache": "D",
      "holeAusAltenLernabschnitten": true,
      "id": 144,
      "istFHRFach": false,
      "istNachpruefungErlaubt": true,
      "istOberstufenFach": false,
      "istPruefungsordnungsRelevant": true,
      "istSchriftlichBA": false,
      "istSchriftlichZK": false,
      "istSichtbar": true,
      "kuerzel": "PP",
      "kuerzelStatistik": "PP",
      "maxZeichenInFachbemerkungen": 2147483647,
      "referenziertInAnderenTabellen": true,
      "sortierung": 171,
    },
    FaecherListeEintrag {
      "aufZeugnis": true,
      "aufgabenfeld": null,
      "bezeichnung": "Herkunftssprache anstelle einer Pflichtfremdsprache - Arabisch",
      "bezeichnungUeberweisungszeugnis": "Herkunftssprache anstelle einer Pflichtfremdsprache - Arabisch",
      "bezeichnungZeugnis": "Herkunftssprache anstelle einer Pflichtfremdsprache - Arabisch",
      "bilingualeSprache": "D",
      "holeAusAltenLernabschnitten": false,
      "id": 4,
      "istFHRFach": false,
      "istNachpruefungErlaubt": false,
      "istOberstufenFach": false,
      "istPruefungsordnungsRelevant": true,
      "istSchriftlichBA": false,
      "istSchriftlichZK": false,
      "istSichtbar": false,
      "kuerzel": "RH",
      "kuerzelStatistik": "RH",
      "maxZeichenInFachbemerkungen": 2147483647,
      "referenziertInAnderenTabellen": false,
      "sortierung": 30021,
    },
    FaecherListeEintrag {
      "aufZeugnis": true,
      "aufgabenfeld": "1",
      "bezeichnung": "Spanisch ab Klasse 8",
      "bezeichnungUeberweisungszeugnis": "Spanisch",
      "bezeichnungZeugnis": "Spanisch",
      "bilingualeSprache": "D",
      "holeAusAltenLernabschnitten": true,
      "id": 165,
      "istFHRFach": false,
      "istNachpruefungErlaubt": true,
      "istOberstufenFach": true,
      "istPruefungsordnungsRelevant": true,
      "istSchriftlichBA": false,
      "istSchriftlichZK": false,
      "istSichtbar": true,
      "kuerzel": "S",
      "kuerzelStatistik": "S8",
      "maxZeichenInFachbemerkungen": 2147483647,
      "referenziertInAnderenTabellen": true,
      "sortierung": 40,
    },
    FaecherListeEintrag {
      "aufZeugnis": true,
      "aufgabenfeld": "1",
      "bezeichnung": "Spanisch ab EF",
      "bezeichnungUeberweisungszeugnis": "Spanisch",
      "bezeichnungZeugnis": "Spanisch",
      "bilingualeSprache": "D",
      "holeAusAltenLernabschnitten": true,
      "id": 223,
      "istFHRFach": false,
      "istNachpruefungErlaubt": true,
      "istOberstufenFach": true,
      "istPruefungsordnungsRelevant": true,
      "istSchriftlichBA": false,
      "istSchriftlichZK": false,
      "istSichtbar": true,
      "kuerzel": "S0",
      "kuerzelStatistik": "S0",
      "maxZeichenInFachbemerkungen": 2147483647,
      "referenziertInAnderenTabellen": true,
      "sortierung": 40,
    },
    FaecherListeEintrag {
      "aufZeugnis": true,
      "aufgabenfeld": null,
      "bezeichnung": "Sport",
      "bezeichnungUeberweisungszeugnis": "Sport",
      "bezeichnungZeugnis": "Sport",
      "bilingualeSprache": "D",
      "holeAusAltenLernabschnitten": true,
      "id": 172,
      "istFHRFach": false,
      "istNachpruefungErlaubt": false,
      "istOberstufenFach": true,
      "istPruefungsordnungsRelevant": true,
      "istSchriftlichBA": false,
      "istSchriftlichZK": false,
      "istSichtbar": true,
      "kuerzel": "SP",
      "kuerzelStatistik": "SP",
      "maxZeichenInFachbemerkungen": 2147483647,
      "referenziertInAnderenTabellen": true,
      "sortierung": 260,
    },
    FaecherListeEintrag {
      "aufZeugnis": true,
      "aufgabenfeld": "2",
      "bezeichnung": "Sozialwissenschaften",
      "bezeichnungUeberweisungszeugnis": "Sozialwissenschaften",
      "bezeichnungZeugnis": "Sozialwissenschaften",
      "bilingualeSprache": "D",
      "holeAusAltenLernabschnitten": true,
      "id": 164,
      "istFHRFach": false,
      "istNachpruefungErlaubt": true,
      "istOberstufenFach": true,
      "istPruefungsordnungsRelevant": true,
      "istSchriftlichBA": false,
      "istSchriftlichZK": false,
      "istSichtbar": true,
      "kuerzel": "SW",
      "kuerzelStatistik": "SW",
      "maxZeichenInFachbemerkungen": 2147483647,
      "referenziertInAnderenTabellen": true,
      "sortierung": 150,
    },
    FaecherListeEintrag {
      "aufZeugnis": true,
      "aufgabenfeld": null,
      "bezeichnung": "Vertiefungsfach Deutsch",
      "bezeichnungUeberweisungszeugnis": "Vertiefung Deutsch",
      "bezeichnungZeugnis": "Vertiefung Deutsch",
      "bilingualeSprache": "D",
      "holeAusAltenLernabschnitten": true,
      "id": 210,
      "istFHRFach": false,
      "istNachpruefungErlaubt": false,
      "istOberstufenFach": true,
      "istPruefungsordnungsRelevant": true,
      "istSchriftlichBA": false,
      "istSchriftlichZK": false,
      "istSichtbar": true,
      "kuerzel": "VFD",
      "kuerzelStatistik": "VX",
      "maxZeichenInFachbemerkungen": 2147483647,
      "referenziertInAnderenTabellen": true,
      "sortierung": 280,
    },
    FaecherListeEintrag {
      "aufZeugnis": true,
      "aufgabenfeld": null,
      "bezeichnung": "Vertiefungsfach Englisch",
      "bezeichnungUeberweisungszeugnis": "Vertiefung Englislch",
      "bezeichnungZeugnis": "Vertiefung Englisch",
      "bilingualeSprache": "D",
      "holeAusAltenLernabschnitten": true,
      "id": 212,
      "istFHRFach": false,
      "istNachpruefungErlaubt": true,
      "istOberstufenFach": true,
      "istPruefungsordnungsRelevant": true,
      "istSchriftlichBA": false,
      "istSchriftlichZK": false,
      "istSichtbar": true,
      "kuerzel": "VFE",
      "kuerzelStatistik": "VX",
      "maxZeichenInFachbemerkungen": 2147483647,
      "referenziertInAnderenTabellen": true,
      "sortierung": 290,
    },
    FaecherListeEintrag {
      "aufZeugnis": true,
      "aufgabenfeld": null,
      "bezeichnung": "Vertiefungsfach Mathematik",
      "bezeichnungUeberweisungszeugnis": "Vertiefung Mathematik",
      "bezeichnungZeugnis": "Vertiefung Mathematik",
      "bilingualeSprache": "D",
      "holeAusAltenLernabschnitten": true,
      "id": 213,
      "istFHRFach": false,
      "istNachpruefungErlaubt": true,
      "istOberstufenFach": true,
      "istPruefungsordnungsRelevant": true,
      "istSchriftlichBA": false,
      "istSchriftlichZK": false,
      "istSichtbar": true,
      "kuerzel": "VFM",
      "kuerzelStatistik": "VX",
      "maxZeichenInFachbemerkungen": 2147483647,
      "referenziertInAnderenTabellen": true,
      "sortierung": 300,
    },
    FaecherListeEintrag {
      "aufZeugnis": true,
      "aufgabenfeld": "1",
      "bezeichnung": "Vokalpraktischer Grundkurs",
      "bezeichnungUeberweisungszeugnis": "Vokalpraktischer Grundkurs",
      "bezeichnungZeugnis": "Vokalpraktischer Grundkurs",
      "bilingualeSprache": "D",
      "holeAusAltenLernabschnitten": true,
      "id": 239,
      "istFHRFach": false,
      "istNachpruefungErlaubt": true,
      "istOberstufenFach": true,
      "istPruefungsordnungsRelevant": true,
      "istSchriftlichBA": false,
      "istSchriftlichZK": false,
      "istSichtbar": true,
      "kuerzel": "VP",
      "kuerzelStatistik": "VO",
      "maxZeichenInFachbemerkungen": 2147483647,
      "referenziertInAnderenTabellen": true,
      "sortierung": 100,
    },
  ],
  "getFirst": [Function],
  "getLast": [Function],
  "modCount": 40,
  "removeFirst": [Function],
  "removeLast": [Function],
}
`;
